// Jest Snapshot v1, https://goo.gl/fbAQLP

exports[`Web ACL Rule Group Global Scope specific testing Should match snapshot 1`] = `
Object {
  "Parameters": Object {
    "BootstrapVersion": Object {
      "Default": "/cdk-bootstrap/hnb659fds/version",
      "Description": "Version of the CDK Bootstrap resources in this environment, automatically retrieved from SSM Parameter Store. [cdk:skip]",
      "Type": "AWS::SSM::Parameter::Value<String>",
    },
  },
  "Resources": Object {
    "WafGeoRestrictRuleGroup": Object {
      "Properties": Object {
        "Capacity": 10,
        "CustomResponseBodies": Object {
          "geo-restrict": Object {
            "Content": "Sorry, You Are Not Allowed to Access This Service.",
            "ContentType": "TEXT_PLAIN",
          },
          "ip-restrict": Object {
            "Content": "Sorry, You Are Not Allowed to Access This Service.",
            "ContentType": "TEXT_PLAIN",
          },
          "sample-restrict": Object {
            "Content": "Sorry, You Are Not Allowed to Access This Service.",
            "ContentType": "TEXT_PLAIN",
          },
        },
        "Description": "geo restrict rule group",
        "Rules": Array [
          Object {
            "Action": Object {
              "Allow": Object {},
            },
            "Name": "allow-geo-rule",
            "Priority": 4,
            "Statement": Object {
              "GeoMatchStatement": Object {
                "CountryCodes": Array [
                  "JP",
                ],
              },
            },
            "VisibilityConfig": Object {
              "CloudWatchMetricsEnabled": true,
              "MetricName": "AllowGeoRule",
              "SampledRequestsEnabled": true,
            },
          },
          Object {
            "Action": Object {
              "Block": Object {
                "CustomResponse": Object {
                  "CustomResponseBodyKey": "geo-restrict",
                  "ResponseCode": 403,
                },
              },
            },
            "Name": "deny-geo-rule",
            "Priority": 5,
            "Statement": Object {
              "NotStatement": Object {
                "Statement": Object {
                  "GeoMatchStatement": Object {
                    "CountryCodes": Array [
                      "JP",
                    ],
                  },
                },
              },
            },
            "VisibilityConfig": Object {
              "CloudWatchMetricsEnabled": true,
              "MetricName": "DenyGeoRule",
              "SampledRequestsEnabled": true,
            },
          },
          Object {
            "Action": Object {
              "Block": Object {
                "CustomResponse": Object {
                  "CustomResponseBodyKey": "ip-restrict",
                  "ResponseCode": 403,
                },
              },
            },
            "Name": "ip-rate-limiting-rule",
            "Priority": 2,
            "Statement": Object {
              "RateBasedStatement": Object {
                "AggregateKeyType": "IP",
                "Limit": 1000,
              },
            },
            "VisibilityConfig": Object {
              "CloudWatchMetricsEnabled": true,
              "MetricName": "DenyIpLimitingRule",
              "SampledRequestsEnabled": true,
            },
          },
          Object {
            "Action": Object {
              "Allow": Object {},
            },
            "Name": "allow-ip-set-rule",
            "Priority": 0,
            "Statement": Object {
              "IPSetReferenceStatement": Object {
                "Arn": "arn:aws:wafv2:us-east-1:1111222233334444:global/ipset/ipv4-block-cf/1fef3860-8b6e-4201-8a56-6d8d49e93057",
              },
            },
            "VisibilityConfig": Object {
              "CloudWatchMetricsEnabled": true,
              "MetricName": "AllowIpSetRule",
              "SampledRequestsEnabled": true,
            },
          },
        ],
        "Scope": "CLOUDFRONT",
        "VisibilityConfig": Object {
          "CloudWatchMetricsEnabled": true,
          "MetricName": "GeoRestrictRule",
          "SampledRequestsEnabled": true,
        },
      },
      "Type": "AWS::WAFv2::RuleGroup",
    },
  },
  "Rules": Object {
    "CheckBootstrapVersion": Object {
      "Assertions": Array [
        Object {
          "Assert": Object {
            "Fn::Not": Array [
              Object {
                "Fn::Contains": Array [
                  Array [
                    "1",
                    "2",
                    "3",
                    "4",
                    "5",
                  ],
                  Object {
                    "Ref": "BootstrapVersion",
                  },
                ],
              },
            ],
          },
          "AssertDescription": "CDK bootstrap stack version 6 required. Please run 'cdk bootstrap' with a recent version of the CDK CLI.",
        },
      ],
    },
  },
}
`;
